// Jest Snapshot v1, https://goo.gl/fbAQLP

exports[`<Board /> rendering initial board and win state matches snapshot for all lights on 1`] = `
<DocumentFragment>
  <div
    class="Board"
  >
    <table>
      <tbody>
        <tr>
          <td
            class="Cell Cell-lit"
            role="button"
          >
            0-0
          </td>
          <td
            class="Cell Cell-lit"
            role="button"
          >
            0-1
          </td>
          <td
            class="Cell Cell-lit"
            role="button"
          >
            0-2
          </td>
          <td
            class="Cell Cell-lit"
            role="button"
          >
            0-3
          </td>
          <td
            class="Cell Cell-lit"
            role="button"
          >
            0-4
          </td>
        </tr>
        <tr>
          <td
            class="Cell Cell-lit"
            role="button"
          >
            1-0
          </td>
          <td
            class="Cell Cell-lit"
            role="button"
          >
            1-1
          </td>
          <td
            class="Cell Cell-lit"
            role="button"
          >
            1-2
          </td>
          <td
            class="Cell Cell-lit"
            role="button"
          >
            1-3
          </td>
          <td
            class="Cell Cell-lit"
            role="button"
          >
            1-4
          </td>
        </tr>
        <tr>
          <td
            class="Cell Cell-lit"
            role="button"
          >
            2-0
          </td>
          <td
            class="Cell Cell-lit"
            role="button"
          >
            2-1
          </td>
          <td
            class="Cell Cell-lit"
            role="button"
          >
            2-2
          </td>
          <td
            class="Cell Cell-lit"
            role="button"
          >
            2-3
          </td>
          <td
            class="Cell Cell-lit"
            role="button"
          >
            2-4
          </td>
        </tr>
        <tr>
          <td
            class="Cell Cell-lit"
            role="button"
          >
            3-0
          </td>
          <td
            class="Cell Cell-lit"
            role="button"
          >
            3-1
          </td>
          <td
            class="Cell Cell-lit"
            role="button"
          >
            3-2
          </td>
          <td
            class="Cell Cell-lit"
            role="button"
          >
            3-3
          </td>
          <td
            class="Cell Cell-lit"
            role="button"
          >
            3-4
          </td>
        </tr>
        <tr>
          <td
            class="Cell Cell-lit"
            role="button"
          >
            4-0
          </td>
          <td
            class="Cell Cell-lit"
            role="button"
          >
            4-1
          </td>
          <td
            class="Cell Cell-lit"
            role="button"
          >
            4-2
          </td>
          <td
            class="Cell Cell-lit"
            role="button"
          >
            4-3
          </td>
          <td
            class="Cell Cell-lit"
            role="button"
          >
            4-4
          </td>
        </tr>
      </tbody>
    </table>
  </div>
</DocumentFragment>
`;
